// Jest Snapshot v1, https://goo.gl/fbAQLP

exports[`tests for overview component should render 1`] = `
.c0 {
  font-size: 1.5em;
  font-weight: bolder;
  margin-left: 50px;
  margin-bottom: 15px;
}

<div
  className="c0"
>
  2.05
   (
  7
   reviews)
</div>
`;
