// Jest Snapshot v1, https://goo.gl/fbAQLP

exports[`Preview Entry Components should render 1`] = `
.c1 {
  display: -webkit-box;
  display: -webkit-flex;
  display: -ms-flexbox;
  display: flex;
  margin-bottom: 10px;
}

.c2 {
  border-radius: 50%;
  -webkit-flex-direction: column;
  -ms-flex-direction: column;
  flex-direction: column;
  height: 50px;
  margin-right: 10px;
  width: 50px;
}

.c3 {
  -webkit-flex-direction: row;
  -ms-flex-direction: row;
  flex-direction: row;
}

.c4 {
  color: #B3B3B3;
}

.c0 {
  margin: 50px 15px 25px 50px;
}

<div
  className="c0"
>
  <div
    className="c1"
  >
    <img
      className="c2"
      src="https://dteamdp.s3-us-west-2.amazonaws.com/pug11.jpg"
    />
    <div
      className="c3"
    >
      <b>
        Maureen
      </b>
      <br />
      <span
        className="c4"
      >
        September 2014
      </span>
    </div>
  </div>
  111111111111111111111111111111111111111111111111111111111111111111111111111111111111111111111111111111111111111111111111111111111111111111111111111111111111111111111111111111111111...     
  <a
    href="#"
    onClick={[Function]}
  >
    <b>
      read more
    </b>
  </a>
</div>
`;
